c:\users\guruk\documents\github\new_home_job\new_home_job\project1\x64\debug\vc143.pdb
c:\users\guruk\documents\github\new_home_job\new_home_job\project1\x64\debug\vc143.idb
c:\users\guruk\documents\github\new_home_job\new_home_job\project1\x64\debug\構造体.練習問題1.obj
c:\users\guruk\documents\github\new_home_job\new_home_job\project1\x64\debug\構造体③.obj
c:\users\guruk\documents\github\new_home_job\new_home_job\project1\x64\debug\構造体②.obj
c:\users\guruk\documents\github\new_home_job\new_home_job\project1\x64\debug\構造体①.obj
c:\users\guruk\documents\github\new_home_job\new_home_job\project1\x64\debug\構造体.練習問題2.obj
c:\users\guruk\documents\github\new_home_job\new_home_job\project1\x64\debug\構造体.配列.obj
c:\users\guruk\documents\github\new_home_job\new_home_job\project1\x64\debug\構造体.配列..関数.obj
c:\users\guruk\documents\github\new_home_job\new_home_job\project1\x64\debug\共用体.obj
c:\users\guruk\documents\github\new_home_job\new_home_job\project1\x64\debug\構造体④.obj
c:\users\guruk\documents\github\new_home_job\new_home_job\project1\x64\debug\構造体④cpp.obj
c:\users\guruk\documents\github\new_home_job\new_home_job\project1\x64\debug\project1.ilk
c:\users\guruk\documents\github\new_home_job\new_home_job\x64\debug\構造体.pdb
c:\users\guruk\documents\github\new_home_job\new_home_job\project1\x64\debug\構造体.tlog\cl.command.1.tlog
c:\users\guruk\documents\github\new_home_job\new_home_job\project1\x64\debug\構造体.tlog\cl.items.tlog
c:\users\guruk\documents\github\new_home_job\new_home_job\project1\x64\debug\構造体.tlog\cl.read.1.tlog
c:\users\guruk\documents\github\new_home_job\new_home_job\project1\x64\debug\構造体.tlog\cl.write.1.tlog
c:\users\guruk\documents\github\new_home_job\new_home_job\project1\x64\debug\構造体.tlog\link-cvtres.read.1.tlog
c:\users\guruk\documents\github\new_home_job\new_home_job\project1\x64\debug\構造体.tlog\link-cvtres.write.1.tlog
c:\users\guruk\documents\github\new_home_job\new_home_job\project1\x64\debug\構造体.tlog\link-rc.read.1.tlog
c:\users\guruk\documents\github\new_home_job\new_home_job\project1\x64\debug\構造体.tlog\link-rc.write.1.tlog
c:\users\guruk\documents\github\new_home_job\new_home_job\project1\x64\debug\構造体.tlog\link.7336-cvtres.read.1.tlog
c:\users\guruk\documents\github\new_home_job\new_home_job\project1\x64\debug\構造体.tlog\link.7336-cvtres.write.1.tlog
c:\users\guruk\documents\github\new_home_job\new_home_job\project1\x64\debug\構造体.tlog\link.7336-rc.read.1.tlog
c:\users\guruk\documents\github\new_home_job\new_home_job\project1\x64\debug\構造体.tlog\link.7336-rc.write.1.tlog
c:\users\guruk\documents\github\new_home_job\new_home_job\project1\x64\debug\構造体.tlog\link.7336.read.1.tlog
c:\users\guruk\documents\github\new_home_job\new_home_job\project1\x64\debug\構造体.tlog\link.7336.read.3.tlog
c:\users\guruk\documents\github\new_home_job\new_home_job\project1\x64\debug\構造体.tlog\link.7336.write.1.tlog
c:\users\guruk\documents\github\new_home_job\new_home_job\project1\x64\debug\構造体.tlog\link.command.1.tlog
c:\users\guruk\documents\github\new_home_job\new_home_job\project1\x64\debug\構造体.tlog\link.read.1.tlog
c:\users\guruk\documents\github\new_home_job\new_home_job\project1\x64\debug\構造体.tlog\link.read.2.tlog
c:\users\guruk\documents\github\new_home_job\new_home_job\project1\x64\debug\構造体.tlog\link.read.3.tlog
c:\users\guruk\documents\github\new_home_job\new_home_job\project1\x64\debug\構造体.tlog\link.secondary.1.tlog
c:\users\guruk\documents\github\new_home_job\new_home_job\project1\x64\debug\構造体.tlog\link.write.1.tlog
